Archive member included to satisfy reference by file (symbol)

c:/st/stm32cubeide_1.2.0/stm32cubeide/plugins/com.st.stm32cube.ide.mcu.externaltools.gnu-tools-for-stm32.7-2018-q2-update.win32_1.4.0.202007081208/tools/bin/../lib/gcc/arm-none-eabi/7.3.1/../../../../arm-none-eabi/lib/thumb/v7e-m/fpv4-sp/hard\libc_nano.a(lib_a-errno.o)
                              Core/Src/syscalls.o (__errno)
c:/st/stm32cubeide_1.2.0/stm32cubeide/plugins/com.st.stm32cube.ide.mcu.externaltools.gnu-tools-for-stm32.7-2018-q2-update.win32_1.4.0.202007081208/tools/bin/../lib/gcc/arm-none-eabi/7.3.1/../../../../arm-none-eabi/lib/thumb/v7e-m/fpv4-sp/hard\libc_nano.a(lib_a-exit.o)
                              c:/st/stm32cubeide_1.2.0/stm32cubeide/plugins/com.st.stm32cube.ide.mcu.externaltools.gnu-tools-for-stm32.7-2018-q2-update.win32_1.4.0.202007081208/tools/bin/../lib/gcc/arm-none-eabi/7.3.1/../../../../arm-none-eabi/lib/thumb/v7e-m/fpv4-sp/hard/crt0.o (exit)
c:/st/stm32cubeide_1.2.0/stm32cubeide/plugins/com.st.stm32cube.ide.mcu.externaltools.gnu-tools-for-stm32.7-2018-q2-update.win32_1.4.0.202007081208/tools/bin/../lib/gcc/arm-none-eabi/7.3.1/../../../../arm-none-eabi/lib/thumb/v7e-m/fpv4-sp/hard\libc_nano.a(lib_a-impure.o)
                              c:/st/stm32cubeide_1.2.0/stm32cubeide/plugins/com.st.stm32cube.ide.mcu.externaltools.gnu-tools-for-stm32.7-2018-q2-update.win32_1.4.0.202007081208/tools/bin/../lib/gcc/arm-none-eabi/7.3.1/../../../../arm-none-eabi/lib/thumb/v7e-m/fpv4-sp/hard\libc_nano.a(lib_a-exit.o) (_global_impure_ptr)
c:/st/stm32cubeide_1.2.0/stm32cubeide/plugins/com.st.stm32cube.ide.mcu.externaltools.gnu-tools-for-stm32.7-2018-q2-update.win32_1.4.0.202007081208/tools/bin/../lib/gcc/arm-none-eabi/7.3.1/../../../../arm-none-eabi/lib/thumb/v7e-m/fpv4-sp/hard\libc_nano.a(lib_a-init.o)
                              c:/st/stm32cubeide_1.2.0/stm32cubeide/plugins/com.st.stm32cube.ide.mcu.externaltools.gnu-tools-for-stm32.7-2018-q2-update.win32_1.4.0.202007081208/tools/bin/../lib/gcc/arm-none-eabi/7.3.1/../../../../arm-none-eabi/lib/thumb/v7e-m/fpv4-sp/hard/crt0.o (__libc_init_array)
c:/st/stm32cubeide_1.2.0/stm32cubeide/plugins/com.st.stm32cube.ide.mcu.externaltools.gnu-tools-for-stm32.7-2018-q2-update.win32_1.4.0.202007081208/tools/bin/../lib/gcc/arm-none-eabi/7.3.1/../../../../arm-none-eabi/lib/thumb/v7e-m/fpv4-sp/hard\libc_nano.a(lib_a-memset.o)
                              c:/st/stm32cubeide_1.2.0/stm32cubeide/plugins/com.st.stm32cube.ide.mcu.externaltools.gnu-tools-for-stm32.7-2018-q2-update.win32_1.4.0.202007081208/tools/bin/../lib/gcc/arm-none-eabi/7.3.1/../../../../arm-none-eabi/lib/thumb/v7e-m/fpv4-sp/hard/crt0.o (memset)
c:/st/stm32cubeide_1.2.0/stm32cubeide/plugins/com.st.stm32cube.ide.mcu.externaltools.gnu-tools-for-stm32.7-2018-q2-update.win32_1.4.0.202007081208/tools/bin/../lib/gcc/arm-none-eabi/7.3.1/thumb/v7e-m/fpv4-sp/hard\libgcc.a(_aeabi_uldivmod.o)
                              Drivers/STM32F4xx_HAL_Driver/Src/stm32f4xx_hal_rcc.o (__aeabi_uldivmod)
c:/st/stm32cubeide_1.2.0/stm32cubeide/plugins/com.st.stm32cube.ide.mcu.externaltools.gnu-tools-for-stm32.7-2018-q2-update.win32_1.4.0.202007081208/tools/bin/../lib/gcc/arm-none-eabi/7.3.1/thumb/v7e-m/fpv4-sp/hard\libgcc.a(_udivmoddi4.o)
                              c:/st/stm32cubeide_1.2.0/stm32cubeide/plugins/com.st.stm32cube.ide.mcu.externaltools.gnu-tools-for-stm32.7-2018-q2-update.win32_1.4.0.202007081208/tools/bin/../lib/gcc/arm-none-eabi/7.3.1/thumb/v7e-m/fpv4-sp/hard\libgcc.a(_aeabi_uldivmod.o) (__udivmoddi4)
c:/st/stm32cubeide_1.2.0/stm32cubeide/plugins/com.st.stm32cube.ide.mcu.externaltools.gnu-tools-for-stm32.7-2018-q2-update.win32_1.4.0.202007081208/tools/bin/../lib/gcc/arm-none-eabi/7.3.1/thumb/v7e-m/fpv4-sp/hard\libgcc.a(_dvmd_tls.o)
                              c:/st/stm32cubeide_1.2.0/stm32cubeide/plugins/com.st.stm32cube.ide.mcu.externaltools.gnu-tools-for-stm32.7-2018-q2-update.win32_1.4.0.202007081208/tools/bin/../lib/gcc/arm-none-eabi/7.3.1/thumb/v7e-m/fpv4-sp/hard\libgcc.a(_aeabi_uldivmod.o) (__aeabi_ldiv0)

Allocating common symbols
Common symbol       size              file

uwTick              0x4               Drivers/STM32F4xx_HAL_Driver/Src/stm32f4xx_hal.o
pFlash              0x20              Drivers/STM32F4xx_HAL_Driver/Src/stm32f4xx_hal_flash.o

Discarded input sections

 .text          0x0000000000000000        0x0 c:/st/stm32cubeide_1.2.0/stm32cubeide/plugins/com.st.stm32cube.ide.mcu.externaltools.gnu-tools-for-stm32.7-2018-q2-update.win32_1.4.0.202007081208/tools/bin/../lib/gcc/arm-none-eabi/7.3.1/thumb/v7e-m/fpv4-sp/hard/crti.o
 .data          0x0000000000000000        0x0 c:/st/stm32cubeide_1.2.0/stm32cubeide/plugins/com.st.stm32cube.ide.mcu.externaltools.gnu-tools-for-stm32.7-2018-q2-update.win32_1.4.0.202007081208/tools/bin/../lib/gcc/arm-none-eabi/7.3.1/thumb/v7e-m/fpv4-sp/hard/crti.o
[...]
Memory Configuration

Name             Origin             Length             Attributes
RAM              0x0000000020000000 0x0000000000020000 xrw
FLASH            0x0000000008000000 0x0000000000080000 xr
*default*        0x0000000000000000 0xffffffffffffffff

Linker script and memory map

LOAD c:/st/stm32cubeide_1.2.0/stm32cubeide/plugins/com.st.stm32cube.ide.mcu.externaltools.gnu-tools-for-stm32.7-2018-q2-update.win32_1.4.0.202007081208/tools/bin/../lib/gcc/arm-none-eabi/7.3.1/thumb/v7e-m/fpv4-sp/hard/crti.o
LOAD c:/st/stm32cubeide_1.2.0/stm32cubeide/plugins/com.st.stm32cube.ide.mcu.externaltools.gnu-tools-for-stm32.7-2018-q2-update.win32_1.4.0.202007081208/tools/bin/../lib/gcc/arm-none-eabi/7.3.1/thumb/v7e-m/fpv4-sp/hard/crtbegin.o
LOAD c:/st/stm32cubeide_1.2.0/stm32cubeide/plugins/com.st.stm32cube.ide.mcu.externaltools.gnu-tools-for-stm32.7-2018-q2-update.win32_1.4.0.202007081208/tools/bin/../lib/gcc/arm-none-eabi/7.3.1/../../../../arm-none-eabi/lib/thumb/v7e-m/fpv4-sp/hard/crt0.o
LOAD Core/Src/main.o
LOAD Core/Src/stm32f4xx_hal_msp.o
LOAD Core/Src/stm32f4xx_it.o
LOAD Core/Src/syscalls.o
LOAD Core/Src/sysmem.o
LOAD Core/Src/system_stm32f4xx.o
LOAD Core/Startup/startup_stm32f446retx.o
LOAD Drivers/STM32F4xx_HAL_Driver/Src/stm32f4xx_hal.o
LOAD Drivers/STM32F4xx_HAL_Driver/Src/stm32f4xx_hal_cortex.o
LOAD Drivers/STM32F4xx_HAL_Driver/Src/stm32f4xx_hal_dma.o
LOAD Drivers/STM32F4xx_HAL_Driver/Src/stm32f4xx_hal_dma_ex.o
LOAD Drivers/STM32F4xx_HAL_Driver/Src/stm32f4xx_hal_exti.o
LOAD Drivers/STM32F4xx_HAL_Driver/Src/stm32f4xx_hal_flash.o
LOAD Drivers/STM32F4xx_HAL_Driver/Src/stm32f4xx_hal_flash_ex.o
LOAD Drivers/STM32F4xx_HAL_Driver/Src/stm32f4xx_hal_flash_ramfunc.o
LOAD Drivers/STM32F4xx_HAL_Driver/Src/stm32f4xx_hal_gpio.o
LOAD Drivers/STM32F4xx_HAL_Driver/Src/stm32f4xx_hal_pwr.o
LOAD Drivers/STM32F4xx_HAL_Driver/Src/stm32f4xx_hal_pwr_ex.o
LOAD Drivers/STM32F4xx_HAL_Driver/Src/stm32f4xx_hal_rcc.o
LOAD Drivers/STM32F4xx_HAL_Driver/Src/stm32f4xx_hal_rcc_ex.o
LOAD Drivers/STM32F4xx_HAL_Driver/Src/stm32f4xx_hal_tim.o
LOAD Drivers/STM32F4xx_HAL_Driver/Src/stm32f4xx_hal_tim_ex.o
START GROUP
LOAD c:/st/stm32cubeide_1.2.0/stm32cubeide/plugins/com.st.stm32cube.ide.mcu.externaltools.gnu-tools-for-stm32.7-2018-q2-update.win32_1.4.0.202007081208/tools/bin/../lib/gcc/arm-none-eabi/7.3.1/../../../../arm-none-eabi/lib/thumb/v7e-m/fpv4-sp/hard\libc_nano.a
LOAD c:/st/stm32cubeide_1.2.0/stm32cubeide/plugins/com.st.stm32cube.ide.mcu.externaltools.gnu-tools-for-stm32.7-2018-q2-update.win32_1.4.0.202007081208/tools/bin/../lib/gcc/arm-none-eabi/7.3.1/../../../../arm-none-eabi/lib/thumb/v7e-m/fpv4-sp/hard\libm.a
END GROUP
START GROUP
LOAD c:/st/stm32cubeide_1.2.0/stm32cubeide/plugins/com.st.stm32cube.ide.mcu.externaltools.gnu-tools-for-stm32.7-2018-q2-update.win32_1.4.0.202007081208/tools/bin/../lib/gcc/arm-none-eabi/7.3.1/thumb/v7e-m/fpv4-sp/hard\libgcc.a
LOAD c:/st/stm32cubeide_1.2.0/stm32cubeide/plugins/com.st.stm32cube.ide.mcu.externaltools.gnu-tools-for-stm32.7-2018-q2-update.win32_1.4.0.202007081208/tools/bin/../lib/gcc/arm-none-eabi/7.3.1/../../../../arm-none-eabi/lib/thumb/v7e-m/fpv4-sp/hard\libc_nano.a
END GROUP
START GROUP
LOAD c:/st/stm32cubeide_1.2.0/stm32cubeide/plugins/com.st.stm32cube.ide.mcu.externaltools.gnu-tools-for-stm32.7-2018-q2-update.win32_1.4.0.202007081208/tools/bin/../lib/gcc/arm-none-eabi/7.3.1/thumb/v7e-m/fpv4-sp/hard\libgcc.a
LOAD c:/st/stm32cubeide_1.2.0/stm32cubeide/plugins/com.st.stm32cube.ide.mcu.externaltools.gnu-tools-for-stm32.7-2018-q2-update.win32_1.4.0.202007081208/tools/bin/../lib/gcc/arm-none-eabi/7.3.1/../../../../arm-none-eabi/lib/thumb/v7e-m/fpv4-sp/hard\libc_nano.a
LOAD c:/st/stm32cubeide_1.2.0/stm32cubeide/plugins/com.st.stm32cube.ide.mcu.externaltools.gnu-tools-for-stm32.7-2018-q2-update.win32_1.4.0.202007081208/tools/bin/../lib/gcc/arm-none-eabi/7.3.1/../../../../arm-none-eabi/lib/thumb/v7e-m/fpv4-sp/hard\libnosys.a
END GROUP
START GROUP
LOAD c:/st/stm32cubeide_1.2.0/stm32cubeide/plugins/com.st.stm32cube.ide.mcu.externaltools.gnu-tools-for-stm32.7-2018-q2-update.win32_1.4.0.202007081208/tools/bin/../lib/gcc/arm-none-eabi/7.3.1/thumb/v7e-m/fpv4-sp/hard\libgcc.a
LOAD c:/st/stm32cubeide_1.2.0/stm32cubeide/plugins/com.st.stm32cube.ide.mcu.externaltools.gnu-tools-for-stm32.7-2018-q2-update.win32_1.4.0.202007081208/tools/bin/../lib/gcc/arm-none-eabi/7.3.1/../../../../arm-none-eabi/lib/thumb/v7e-m/fpv4-sp/hard\libc_nano.a
LOAD c:/st/stm32cubeide_1.2.0/stm32cubeide/plugins/com.st.stm32cube.ide.mcu.externaltools.gnu-tools-for-stm32.7-2018-q2-update.win32_1.4.0.202007081208/tools/bin/../lib/gcc/arm-none-eabi/7.3.1/../../../../arm-none-eabi/lib/thumb/v7e-m/fpv4-sp/hard\libnosys.a
END GROUP
LOAD c:/st/stm32cubeide_1.2.0/stm32cubeide/plugins/com.st.stm32cube.ide.mcu.externaltools.gnu-tools-for-stm32.7-2018-q2-update.win32_1.4.0.202007081208/tools/bin/../lib/gcc/arm-none-eabi/7.3.1/thumb/v7e-m/fpv4-sp/hard/crtend.o
LOAD c:/st/stm32cubeide_1.2.0/stm32cubeide/plugins/com.st.stm32cube.ide.mcu.externaltools.gnu-tools-for-stm32.7-2018-q2-update.win32_1.4.0.202007081208/tools/bin/../lib/gcc/arm-none-eabi/7.3.1/thumb/v7e-m/fpv4-sp/hard/crtn.o
                0x0000000020020000                _estack = (ORIGIN (RAM) + LENGTH (RAM))
                0x0000000000000200                _Min_Heap_Size = 0x200
                0x0000000000000400                _Min_Stack_Size = 0x400

.isr_vector     0x0000000008000000      0x1c4
                0x0000000008000000                . = ALIGN (0x4)
 *(.isr_vector)
 .isr_vector    0x0000000008000000      0x1c4 Core/Startup/startup_stm32f446retx.o
                0x0000000008000000                g_pfnVectors
                0x00000000080001c4                . = ALIGN (0x4)

.text           0x00000000080001c4     0x16f0
                0x00000000080001c4                . = ALIGN (0x4)
 *(.text)
 .text          0x00000000080001c4       0x40 c:/st/stm32cubeide_1.2.0/stm32cubeide/plugins/com.st.stm32cube.ide.mcu.externaltools.gnu-tools-for-stm32.7-2018-q2-update.win32_1.4.0.202007081208/tools/bin/../lib/gcc/arm-none-eabi/7.3.1/thumb/v7e-m/fpv4-sp/hard/crtbegin.o
 .text          0x0000000008000204       0x30 c:/st/stm32cubeide_1.2.0/stm32cubeide/plugins/com.st.stm32cube.ide.mcu.externaltools.gnu-tools-for-stm32.7-2018-q2-update.win32_1.4.0.202007081208/tools/bin/../lib/gcc/arm-none-eabi/7.3.1/thumb/v7e-m/fpv4-sp/hard\libgcc.a(_aeabi_uldivmod.o)
                0x0000000008000204                __aeabi_uldivmod
 .text          0x0000000008000234      0x2cc c:/st/stm32cubeide_1.2.0/stm32cubeide/plugins/com.st.stm32cube.ide.mcu.externaltools.gnu-tools-for-stm32.7-2018-q2-update.win32_1.4.0.202007081208/tools/bin/../lib/gcc/arm-none-eabi/7.3.1/thumb/v7e-m/fpv4-sp/hard\libgcc.a(_udivmoddi4.o)
                0x0000000008000234                __udivmoddi4
 .text          0x0000000008000500        0x4 c:/st/stm32cubeide_1.2.0/stm32cubeide/plugins/com.st.stm32cube.ide.mcu.externaltools.gnu-tools-for-stm32.7-2018-q2-update.win32_1.4.0.202007081208/tools/bin/../lib/gcc/arm-none-eabi/7.3.1/thumb/v7e-m/fpv4-sp/hard\libgcc.a(_dvmd_tls.o)
                0x0000000008000500                __aeabi_idiv0
                0x0000000008000500                __aeabi_ldiv0
 *(.text*)
 .text.main     0x0000000008000504       0x3c Core/Src/main.o
                0x0000000008000504                main
 .text.SystemClock_Config
                0x0000000008000540       0xdc Core/Src/main.o
                0x0000000008000540                SystemClock_Config
 .text.MX_GPIO_Init
                0x000000000800061c       0xe0 Core/Src/main.o
 .text.Error_Handler
                0x00000000080006fc        0xe Core/Src/main.o
                0x00000000080006fc                Error_Handler
 *fill*         0x000000000800070a        0x2 
 .text.HAL_MspInit
                0x000000000800070c       0x50 Core/Src/stm32f4xx_hal_msp.o
                0x000000000800070c                HAL_MspInit
 .text.NMI_Handler
                0x000000000800075c        0xe Core/Src/stm32f4xx_it.o
                0x000000000800075c                NMI_Handler
 .text.HardFault_Handler
                0x000000000800076a        0x6 Core/Src/stm32f4xx_it.o
                0x000000000800076a                HardFault_Handler
 .text.MemManage_Handler
                0x0000000008000770        0x6 Core/Src/stm32f4xx_it.o
                0x0000000008000770                MemManage_Handler
 .text.BusFault_Handler
                0x0000000008000776        0x6 Core/Src/stm32f4xx_it.o
                0x0000000008000776                BusFault_Handler
 .text.UsageFault_Handler
                0x000000000800077c        0x6 Core/Src/stm32f4xx_it.o
                0x000000000800077c                UsageFault_Handler
 .text.SVC_Handler
                0x0000000008000782        0xe Core/Src/stm32f4xx_it.o
                0x0000000008000782                SVC_Handler
 .text.DebugMon_Handler
                0x0000000008000790        0xe Core/Src/stm32f4xx_it.o
                0x0000000008000790                DebugMon_Handler
 .text.PendSV_Handler
                0x000000000800079e        0xe Core/Src/stm32f4xx_it.o
                0x000000000800079e                PendSV_Handler
 .text.SysTick_Handler
                0x00000000080007ac        0xc Core/Src/stm32f4xx_it.o
                0x00000000080007ac                SysTick_Handler
 .text.SystemInit
                0x00000000080007b8       0x2c Core/Src/system_stm32f4xx.o
                0x00000000080007b8                SystemInit
 .text.Reset_Handler
                0x00000000080007e4       0x50 Core/Startup/startup_stm32f446retx.o
                0x00000000080007e4                Reset_Handler
 .text.Default_Handler
                0x0000000008000834        0x2 Core/Startup/startup_stm32f446retx.o
                0x0000000008000834                RTC_Alarm_IRQHandler
                0x0000000008000834                EXTI2_IRQHandler
                0x0000000008000834                TIM8_CC_IRQHandler
                0x0000000008000834                FMPI2C1_EV_IRQHandler
                0x0000000008000834                SPI4_IRQHandler
                0x0000000008000834                TIM1_CC_IRQHandler
                0x0000000008000834                DMA2_Stream5_IRQHandler
                0x0000000008000834                DMA1_Stream5_IRQHandler
                0x0000000008000834                PVD_IRQHandler
                0x0000000008000834                SDIO_IRQHandler
                0x0000000008000834                TAMP_STAMP_IRQHandler
                0x0000000008000834                CAN2_RX1_IRQHandler
                0x0000000008000834                EXTI3_IRQHandler
                0x0000000008000834                TIM8_TRG_COM_TIM14_IRQHandler
                0x0000000008000834                TIM1_UP_TIM10_IRQHandler
                0x0000000008000834                TIM8_UP_TIM13_IRQHandler
                0x0000000008000834                I2C3_ER_IRQHandler
                0x0000000008000834                EXTI0_IRQHandler
                0x0000000008000834                I2C2_EV_IRQHandler
                0x0000000008000834                DMA1_Stream2_IRQHandler
                0x0000000008000834                CAN1_RX0_IRQHandler
                0x0000000008000834                FPU_IRQHandler
                0x0000000008000834                OTG_HS_WKUP_IRQHandler
                0x0000000008000834                CAN2_SCE_IRQHandler
                0x0000000008000834                DMA2_Stream2_IRQHandler
                0x0000000008000834                SPI1_IRQHandler
                0x0000000008000834                TIM6_DAC_IRQHandler
                0x0000000008000834                TIM1_BRK_TIM9_IRQHandler
                0x0000000008000834                DCMI_IRQHandler
                0x0000000008000834                CAN2_RX0_IRQHandler
                0x0000000008000834                DMA2_Stream3_IRQHandler
                0x0000000008000834                SAI2_IRQHandler
                0x0000000008000834                USART6_IRQHandler
                0x0000000008000834                USART3_IRQHandler
                0x0000000008000834                CAN1_RX1_IRQHandler
                0x0000000008000834                UART5_IRQHandler
                0x0000000008000834                DMA2_Stream0_IRQHandler
                0x0000000008000834                TIM4_IRQHandler
                0x0000000008000834                QUADSPI_IRQHandler
                0x0000000008000834                I2C1_EV_IRQHandler
                0x0000000008000834                DMA1_Stream6_IRQHandler
                0x0000000008000834                DMA1_Stream1_IRQHandler
                0x0000000008000834                UART4_IRQHandler
                0x0000000008000834                TIM3_IRQHandler
                0x0000000008000834                RCC_IRQHandler
                0x0000000008000834                TIM8_BRK_TIM12_IRQHandler
                0x0000000008000834                Default_Handler
                0x0000000008000834                CEC_IRQHandler
                0x0000000008000834                EXTI15_10_IRQHandler
                0x0000000008000834                ADC_IRQHandler
                0x0000000008000834                DMA1_Stream7_IRQHandler
                0x0000000008000834                TIM7_IRQHandler
                0x0000000008000834                CAN2_TX_IRQHandler
                0x0000000008000834                TIM5_IRQHandler
                0x0000000008000834                DMA2_Stream7_IRQHandler
                0x0000000008000834                I2C3_EV_IRQHandler
                0x0000000008000834                EXTI9_5_IRQHandler
                0x0000000008000834                RTC_WKUP_IRQHandler
                0x0000000008000834                SPDIF_RX_IRQHandler
                0x0000000008000834                SPI2_IRQHandler
                0x0000000008000834                OTG_HS_EP1_IN_IRQHandler
                0x0000000008000834                DMA1_Stream0_IRQHandler
                0x0000000008000834                CAN1_TX_IRQHandler
                0x0000000008000834                FMPI2C1_ER_IRQHandler
                0x0000000008000834                EXTI4_IRQHandler
                0x0000000008000834                OTG_HS_EP1_OUT_IRQHandler
                0x0000000008000834                WWDG_IRQHandler
                0x0000000008000834                TIM2_IRQHandler
                0x0000000008000834                OTG_FS_WKUP_IRQHandler
                0x0000000008000834                TIM1_TRG_COM_TIM11_IRQHandler
                0x0000000008000834                OTG_HS_IRQHandler
                0x0000000008000834                EXTI1_IRQHandler
                0x0000000008000834                USART2_IRQHandler
                0x0000000008000834                I2C2_ER_IRQHandler
                0x0000000008000834                DMA2_Stream1_IRQHandler
                0x0000000008000834                CAN1_SCE_IRQHandler
                0x0000000008000834                FLASH_IRQHandler
                0x0000000008000834                DMA2_Stream4_IRQHandler
                0x0000000008000834                USART1_IRQHandler
                0x0000000008000834                OTG_FS_IRQHandler
                0x0000000008000834                SPI3_IRQHandler
                0x0000000008000834                DMA1_Stream4_IRQHandler
                0x0000000008000834                I2C1_ER_IRQHandler
                0x0000000008000834                FMC_IRQHandler
                0x0000000008000834                DMA2_Stream6_IRQHandler
                0x0000000008000834                SAI1_IRQHandler
                0x0000000008000834                DMA1_Stream3_IRQHandler
 *fill*         0x0000000008000836        0x2 
 .text.HAL_Init
                0x0000000008000838       0x44 Drivers/STM32F4xx_HAL_Driver/Src/stm32f4xx_hal.o
                0x0000000008000838                HAL_Init
 .text.HAL_InitTick
                0x000000000800087c       0x60 Drivers/STM32F4xx_HAL_Driver/Src/stm32f4xx_hal.o
                0x000000000800087c                HAL_InitTick
 .text.HAL_IncTick
                0x00000000080008dc       0x28 Drivers/STM32F4xx_HAL_Driver/Src/stm32f4xx_hal.o
                0x00000000080008dc                HAL_IncTick
 .text.HAL_GetTick
                0x0000000008000904       0x18 Drivers/STM32F4xx_HAL_Driver/Src/stm32f4xx_hal.o
                0x0000000008000904                HAL_GetTick
 .text.HAL_Delay
                0x000000000800091c       0x44 Drivers/STM32F4xx_HAL_Driver/Src/stm32f4xx_hal.o
                0x000000000800091c                HAL_Delay
 .text.__NVIC_SetPriorityGrouping
                0x0000000008000960       0x48 Drivers/STM32F4xx_HAL_Driver/Src/stm32f4xx_hal_cortex.o
 .text.__NVIC_GetPriorityGrouping
                0x00000000080009a8       0x1c Drivers/STM32F4xx_HAL_Driver/Src/stm32f4xx_hal_cortex.o
 .text.__NVIC_SetPriority
                0x00000000080009c4       0x54 Drivers/STM32F4xx_HAL_Driver/Src/stm32f4xx_hal_cortex.o
 .text.NVIC_EncodePriority
                0x0000000008000a18       0x66 Drivers/STM32F4xx_HAL_Driver/Src/stm32f4xx_hal_cortex.o
 *fill*         0x0000000008000a7e        0x2 
 .text.SysTick_Config
                0x0000000008000a80       0x44 Drivers/STM32F4xx_HAL_Driver/Src/stm32f4xx_hal_cortex.o
 .text.HAL_NVIC_SetPriorityGrouping
                0x0000000008000ac4       0x16 Drivers/STM32F4xx_HAL_Driver/Src/stm32f4xx_hal_cortex.o
                0x0000000008000ac4                HAL_NVIC_SetPriorityGrouping
 .text.HAL_NVIC_SetPriority
                0x0000000008000ada       0x38 Drivers/STM32F4xx_HAL_Driver/Src/stm32f4xx_hal_cortex.o
                0x0000000008000ada                HAL_NVIC_SetPriority
 .text.HAL_SYSTICK_Config
                0x0000000008000b12       0x18 Drivers/STM32F4xx_HAL_Driver/Src/stm32f4xx_hal_cortex.o
                0x0000000008000b12                HAL_SYSTICK_Config
 *fill*         0x0000000008000b2a        0x2 
 .text.HAL_GPIO_Init
                0x0000000008000b2c      0x324 Drivers/STM32F4xx_HAL_Driver/Src/stm32f4xx_hal_gpio.o
                0x0000000008000b2c                HAL_GPIO_Init
 .text.HAL_GPIO_WritePin
                0x0000000008000e50       0x32 Drivers/STM32F4xx_HAL_Driver/Src/stm32f4xx_hal_gpio.o
                0x0000000008000e50                HAL_GPIO_WritePin
 *fill*         0x0000000008000e82        0x2 
 .text.HAL_RCC_ClockConfig
                0x0000000008000e84      0x1cc Drivers/STM32F4xx_HAL_Driver/Src/stm32f4xx_hal_rcc.o
                0x0000000008000e84                HAL_RCC_ClockConfig
 .text.HAL_RCC_GetSysClockFreq
                0x0000000008001050      0x340 Drivers/STM32F4xx_HAL_Driver/Src/stm32f4xx_hal_rcc_ex.o
                0x0000000008001050                HAL_RCC_GetSysClockFreq
 .text.HAL_RCC_OscConfig
                0x0000000008001390      0x4b4 Drivers/STM32F4xx_HAL_Driver/Src/stm32f4xx_hal_rcc_ex.o
                0x0000000008001390                HAL_RCC_OscConfig
 .text.__libc_init_array
                0x0000000008001844       0x48 c:/st/stm32cubeide_1.2.0/stm32cubeide/plugins/com.st.stm32cube.ide.mcu.externaltools.gnu-tools-for-stm32.7-2018-q2-update.win32_1.4.0.202007081208/tools/bin/../lib/gcc/arm-none-eabi/7.3.1/../../../../arm-none-eabi/lib/thumb/v7e-m/fpv4-sp/hard\libc_nano.a(lib_a-init.o)
                0x0000000008001844                __libc_init_array
 .text.memset   0x000000000800188c       0x10 c:/st/stm32cubeide_1.2.0/stm32cubeide/plugins/com.st.stm32cube.ide.mcu.externaltools.gnu-tools-for-stm32.7-2018-q2-update.win32_1.4.0.202007081208/tools/bin/../lib/gcc/arm-none-eabi/7.3.1/../../../../arm-none-eabi/lib/thumb/v7e-m/fpv4-sp/hard\libc_nano.a(lib_a-memset.o)
                0x000000000800188c                memset
 *(.glue_7)
 .glue_7        0x000000000800189c        0x0 linker stubs
 *(.glue_7t)
 .glue_7t       0x000000000800189c        0x0 linker stubs
 *(.eh_frame)
 .eh_frame      0x000000000800189c        0x0 c:/st/stm32cubeide_1.2.0/stm32cubeide/plugins/com.st.stm32cube.ide.mcu.externaltools.gnu-tools-for-stm32.7-2018-q2-update.win32_1.4.0.202007081208/tools/bin/../lib/gcc/arm-none-eabi/7.3.1/thumb/v7e-m/fpv4-sp/hard/crtbegin.o
 *(.init)
 .init          0x000000000800189c        0x4 c:/st/stm32cubeide_1.2.0/stm32cubeide/plugins/com.st.stm32cube.ide.mcu.externaltools.gnu-tools-for-stm32.7-2018-q2-update.win32_1.4.0.202007081208/tools/bin/../lib/gcc/arm-none-eabi/7.3.1/thumb/v7e-m/fpv4-sp/hard/crti.o
                0x000000000800189c                _init
 .init          0x00000000080018a0        0x8 c:/st/stm32cubeide_1.2.0/stm32cubeide/plugins/com.st.stm32cube.ide.mcu.externaltools.gnu-tools-for-stm32.7-2018-q2-update.win32_1.4.0.202007081208/tools/bin/../lib/gcc/arm-none-eabi/7.3.1/thumb/v7e-m/fpv4-sp/hard/crtn.o
 *(.fini)
 .fini          0x00000000080018a8        0x4 c:/st/stm32cubeide_1.2.0/stm32cubeide/plugins/com.st.stm32cube.ide.mcu.externaltools.gnu-tools-for-stm32.7-2018-q2-update.win32_1.4.0.202007081208/tools/bin/../lib/gcc/arm-none-eabi/7.3.1/thumb/v7e-m/fpv4-sp/hard/crti.o
                0x00000000080018a8                _fini
 .fini          0x00000000080018ac        0x8 c:/st/stm32cubeide_1.2.0/stm32cubeide/plugins/com.st.stm32cube.ide.mcu.externaltools.gnu-tools-for-stm32.7-2018-q2-update.win32_1.4.0.202007081208/tools/bin/../lib/gcc/arm-none-eabi/7.3.1/thumb/v7e-m/fpv4-sp/hard/crtn.o
                0x00000000080018b4                . = ALIGN (0x4)
                0x00000000080018b4                _etext = .

.vfp11_veneer   0x00000000080018b4        0x0
 .vfp11_veneer  0x00000000080018b4        0x0 linker stubs

.v4_bx          0x00000000080018b4        0x0
 .v4_bx         0x00000000080018b4        0x0 linker stubs

.iplt           0x00000000080018b4        0x0
 .iplt          0x00000000080018b4        0x0 c:/st/stm32cubeide_1.2.0/stm32cubeide/plugins/com.st.stm32cube.ide.mcu.externaltools.gnu-tools-for-stm32.7-2018-q2-update.win32_1.4.0.202007081208/tools/bin/../lib/gcc/arm-none-eabi/7.3.1/thumb/v7e-m/fpv4-sp/hard/crtbegin.o

.rodata         0x00000000080018b4       0x10
                0x00000000080018b4                . = ALIGN (0x4)
 *(.rodata)
 *(.rodata*)
 .rodata.AHBPrescTable
                0x00000000080018b4       0x10 Core/Src/system_stm32f4xx.o
                0x00000000080018b4                AHBPrescTable
                0x00000000080018c4                . = ALIGN (0x4)

.ARM.extab      0x00000000080018c4        0x0
                0x00000000080018c4                . = ALIGN (0x4)
 *(.ARM.extab* .gnu.linkonce.armextab.*)
                0x00000000080018c4                . = ALIGN (0x4)

.ARM            0x00000000080018c4        0x8
                0x00000000080018c4                . = ALIGN (0x4)
                0x00000000080018c4                __exidx_start = .
 *(.ARM.exidx*)
 .ARM.exidx     0x00000000080018c4        0x8 c:/st/stm32cubeide_1.2.0/stm32cubeide/plugins/com.st.stm32cube.ide.mcu.externaltools.gnu-tools-for-stm32.7-2018-q2-update.win32_1.4.0.202007081208/tools/bin/../lib/gcc/arm-none-eabi/7.3.1/thumb/v7e-m/fpv4-sp/hard\libgcc.a(_udivmoddi4.o)
                0x00000000080018cc                __exidx_end = .
                0x00000000080018cc                . = ALIGN (0x4)

.rel.dyn        0x00000000080018cc        0x0
 .rel.iplt      0x00000000080018cc        0x0 c:/st/stm32cubeide_1.2.0/stm32cubeide/plugins/com.st.stm32cube.ide.mcu.externaltools.gnu-tools-for-stm32.7-2018-q2-update.win32_1.4.0.202007081208/tools/bin/../lib/gcc/arm-none-eabi/7.3.1/thumb/v7e-m/fpv4-sp/hard/crtbegin.o

.preinit_array  0x00000000080018cc        0x0
                0x00000000080018cc                . = ALIGN (0x4)
                0x00000000080018cc                PROVIDE (__preinit_array_start = .)
 *(.preinit_array*)
                0x00000000080018cc                PROVIDE (__preinit_array_end = .)
                0x00000000080018cc                . = ALIGN (0x4)

.init_array     0x00000000080018cc        0x4
                0x00000000080018cc                . = ALIGN (0x4)
                0x00000000080018cc                PROVIDE (__init_array_start = .)
 *(SORT_BY_NAME(.init_array.*))
 *(.init_array*)
 .init_array    0x00000000080018cc        0x4 c:/st/stm32cubeide_1.2.0/stm32cubeide/plugins/com.st.stm32cube.ide.mcu.externaltools.gnu-tools-for-stm32.7-2018-q2-update.win32_1.4.0.202007081208/tools/bin/../lib/gcc/arm-none-eabi/7.3.1/thumb/v7e-m/fpv4-sp/hard/crtbegin.o
                0x00000000080018d0                PROVIDE (__init_array_end = .)
                0x00000000080018d0                . = ALIGN (0x4)

.fini_array     0x00000000080018d0        0x4
                0x00000000080018d0                . = ALIGN (0x4)
                [!provide]                        PROVIDE (__fini_array_start = .)
 *(SORT_BY_NAME(.fini_array.*))
 *(.fini_array*)
 .fini_array    0x00000000080018d0        0x4 c:/st/stm32cubeide_1.2.0/stm32cubeide/plugins/com.st.stm32cube.ide.mcu.externaltools.gnu-tools-for-stm32.7-2018-q2-update.win32_1.4.0.202007081208/tools/bin/../lib/gcc/arm-none-eabi/7.3.1/thumb/v7e-m/fpv4-sp/hard/crtbegin.o
                [!provide]                        PROVIDE (__fini_array_end = .)
                0x00000000080018d4                . = ALIGN (0x4)
                0x00000000080018d4                _sidata = LOADADDR (.data)

.data           0x0000000020000000        0xc load address 0x00000000080018d4
                0x0000000020000000                . = ALIGN (0x4)
                0x0000000020000000                _sdata = .
 *(.data)
 *(.data*)
 .data.SystemCoreClock
                0x0000000020000000        0x4 Core/Src/system_stm32f4xx.o
                0x0000000020000000                SystemCoreClock
 .data.uwTickPrio
                0x0000000020000004        0x4 Drivers/STM32F4xx_HAL_Driver/Src/stm32f4xx_hal.o
                0x0000000020000004                uwTickPrio
 .data.uwTickFreq
                0x0000000020000008        0x1 Drivers/STM32F4xx_HAL_Driver/Src/stm32f4xx_hal.o
                0x0000000020000008                uwTickFreq
                0x000000002000000c                . = ALIGN (0x4)
 *fill*         0x0000000020000009        0x3 
                0x000000002000000c                _edata = .

.igot.plt       0x000000002000000c        0x0 load address 0x00000000080018e0
 .igot.plt      0x000000002000000c        0x0 c:/st/stm32cubeide_1.2.0/stm32cubeide/plugins/com.st.stm32cube.ide.mcu.externaltools.gnu-tools-for-stm32.7-2018-q2-update.win32_1.4.0.202007081208/tools/bin/../lib/gcc/arm-none-eabi/7.3.1/thumb/v7e-m/fpv4-sp/hard/crtbegin.o
                0x000000002000000c                . = ALIGN (0x4)

.bss            0x000000002000000c       0x20 load address 0x00000000080018e0
                0x000000002000000c                _sbss = .
                0x000000002000000c                __bss_start__ = _sbss
 *(.bss)
 .bss           0x000000002000000c       0x1c c:/st/stm32cubeide_1.2.0/stm32cubeide/plugins/com.st.stm32cube.ide.mcu.externaltools.gnu-tools-for-stm32.7-2018-q2-update.win32_1.4.0.202007081208/tools/bin/../lib/gcc/arm-none-eabi/7.3.1/thumb/v7e-m/fpv4-sp/hard/crtbegin.o
 *(.bss*)
 *(COMMON)
 COMMON         0x0000000020000028        0x4 Drivers/STM32F4xx_HAL_Driver/Src/stm32f4xx_hal.o
                0x0000000020000028                uwTick
                0x000000002000002c                . = ALIGN (0x4)
                0x000000002000002c                _ebss = .
                0x000000002000002c                __bss_end__ = _ebss

._user_heap_stack
                0x000000002000002c      0x604 load address 0x00000000080018e0
                0x0000000020000030                . = ALIGN (0x8)
 *fill*         0x000000002000002c        0x4 
                [!provide]                        PROVIDE (end = .)
                0x0000000020000030                PROVIDE (_end = .)
                0x0000000020000230                . = (. + _Min_Heap_Size)
 *fill*         0x0000000020000030      0x200 
                0x0000000020000630                . = (. + _Min_Stack_Size)
 *fill*         0x0000000020000230      0x400 
                0x0000000020000630                . = ALIGN (0x8)

/DISCARD/
 libc.a(*)
 libm.a(*)
 libgcc.a(*)

.ARM.attributes
                0x0000000000000000       0x30
 *(.ARM.attributes)
 .ARM.attributes
                0x0000000000000000       0x22 c:/st/stm32cubeide_1.2.0/stm32cubeide/plugins/com.st.stm32cube.ide.mcu.externaltools.gnu-tools-for-stm32.7-2018-q2-update.win32_1.4.0.202007081208/tools/bin/../lib/gcc/arm-none-eabi/7.3.1/thumb/v7e-m/fpv4-sp/hard/crti.o
 .ARM.attributes
                0x0000000000000022       0x34 c:/st/stm32cubeide_1.2.0/stm32cubeide/plugins/com.st.stm32cube.ide.mcu.externaltools.gnu-tools-for-stm32.7-2018-q2-update.win32_1.4.0.202007081208/tools/bin/../lib/gcc/arm-none-eabi/7.3.1/thumb/v7e-m/fpv4-sp/hard/crtbegin.o
 .ARM.attributes
                0x0000000000000056       0x39 Core/Src/main.o
 .ARM.attributes
                0x000000000000008f       0x39 Core/Src/stm32f4xx_hal_msp.o
 .ARM.attributes
                0x00000000000000c8       0x39 Core/Src/stm32f4xx_it.o
 .ARM.attributes
                0x0000000000000101       0x39 Core/Src/system_stm32f4xx.o
 .ARM.attributes
                0x000000000000013a       0x21 Core/Startup/startup_stm32f446retx.o
 .ARM.attributes
                0x000000000000015b       0x39 Drivers/STM32F4xx_HAL_Driver/Src/stm32f4xx_hal.o
 .ARM.attributes
                0x0000000000000194       0x39 Drivers/STM32F4xx_HAL_Driver/Src/stm32f4xx_hal_cortex.o
 .ARM.attributes
                0x00000000000001cd       0x39 Drivers/STM32F4xx_HAL_Driver/Src/stm32f4xx_hal_gpio.o
 .ARM.attributes
                0x0000000000000206       0x39 Drivers/STM32F4xx_HAL_Driver/Src/stm32f4xx_hal_rcc.o
 .ARM.attributes
                0x000000000000023f       0x39 Drivers/STM32F4xx_HAL_Driver/Src/stm32f4xx_hal_rcc_ex.o
 .ARM.attributes
                0x0000000000000278       0x34 c:/st/stm32cubeide_1.2.0/stm32cubeide/plugins/com.st.stm32cube.ide.mcu.externaltools.gnu-tools-for-stm32.7-2018-q2-update.win32_1.4.0.202007081208/tools/bin/../lib/gcc/arm-none-eabi/7.3.1/../../../../arm-none-eabi/lib/thumb/v7e-m/fpv4-sp/hard\libc_nano.a(lib_a-init.o)
 .ARM.attributes
                0x00000000000002ac       0x34 c:/st/stm32cubeide_1.2.0/stm32cubeide/plugins/com.st.stm32cube.ide.mcu.externaltools.gnu-tools-for-stm32.7-2018-q2-update.win32_1.4.0.202007081208/tools/bin/../lib/gcc/arm-none-eabi/7.3.1/../../../../arm-none-eabi/lib/thumb/v7e-m/fpv4-sp/hard\libc_nano.a(lib_a-memset.o)
 .ARM.attributes
                0x00000000000002e0       0x22 c:/st/stm32cubeide_1.2.0/stm32cubeide/plugins/com.st.stm32cube.ide.mcu.externaltools.gnu-tools-for-stm32.7-2018-q2-update.win32_1.4.0.202007081208/tools/bin/../lib/gcc/arm-none-eabi/7.3.1/thumb/v7e-m/fpv4-sp/hard\libgcc.a(_aeabi_uldivmod.o)
 .ARM.attributes
                0x0000000000000302       0x34 c:/st/stm32cubeide_1.2.0/stm32cubeide/plugins/com.st.stm32cube.ide.mcu.externaltools.gnu-tools-for-stm32.7-2018-q2-update.win32_1.4.0.202007081208/tools/bin/../lib/gcc/arm-none-eabi/7.3.1/thumb/v7e-m/fpv4-sp/hard\libgcc.a(_udivmoddi4.o)
 .ARM.attributes
                0x0000000000000336       0x22 c:/st/stm32cubeide_1.2.0/stm32cubeide/plugins/com.st.stm32cube.ide.mcu.externaltools.gnu-tools-for-stm32.7-2018-q2-update.win32_1.4.0.202007081208/tools/bin/../lib/gcc/arm-none-eabi/7.3.1/thumb/v7e-m/fpv4-sp/hard\libgcc.a(_dvmd_tls.o)
 .ARM.attributes
                0x0000000000000358       0x22 c:/st/stm32cubeide_1.2.0/stm32cubeide/plugins/com.st.stm32cube.ide.mcu.externaltools.gnu-tools-for-stm32.7-2018-q2-update.win32_1.4.0.202007081208/tools/bin/../lib/gcc/arm-none-eabi/7.3.1/thumb/v7e-m/fpv4-sp/hard/crtn.o
OUTPUT(BLINKY_PROJECT_1.elf elf32-littlearm)

.debug_info     0x0000000000000000     0x4547
 .debug_info    0x0000000000000000      0x704 Core/Src/main.o
 .debug_info    0x0000000000000704      0x396 Core/Src/stm32f4xx_hal_msp.o
 .debug_info    0x0000000000000a9a      0x20a Core/Src/stm32f4xx_it.o
 .debug_info    0x0000000000000ca4      0x588 Core/Src/system_stm32f4xx.o
 .debug_info    0x000000000000122c       0x22 Core/Startup/startup_stm32f446retx.o
 .debug_info    0x000000000000124e      0x997 Drivers/STM32F4xx_HAL_Driver/Src/stm32f4xx_hal.o
 .debug_info    0x0000000000001be5      0xe46 Drivers/STM32F4xx_HAL_Driver/Src/stm32f4xx_hal_cortex.o
 .debug_info    0x0000000000002a2b      0x803 Drivers/STM32F4xx_HAL_Driver/Src/stm32f4xx_hal_gpio.o
 .debug_info    0x000000000000322e      0x944 Drivers/STM32F4xx_HAL_Driver/Src/stm32f4xx_hal_rcc.o
 .debug_info    0x0000000000003b72      0x9d5 Drivers/STM32F4xx_HAL_Driver/Src/stm32f4xx_hal_rcc_ex.o

.debug_abbrev   0x0000000000000000      0xf17
 .debug_abbrev  0x0000000000000000      0x180 Core/Src/main.o
 .debug_abbrev  0x0000000000000180      0x109 Core/Src/stm32f4xx_hal_msp.o
 .debug_abbrev  0x0000000000000289       0xc6 Core/Src/stm32f4xx_it.o
 .debug_abbrev  0x000000000000034f      0x12b Core/Src/system_stm32f4xx.o
 .debug_abbrev  0x000000000000047a       0x12 Core/Startup/startup_stm32f446retx.o
 .debug_abbrev  0x000000000000048c      0x1c7 Drivers/STM32F4xx_HAL_Driver/Src/stm32f4xx_hal.o
 .debug_abbrev  0x0000000000000653      0x2fa Drivers/STM32F4xx_HAL_Driver/Src/stm32f4xx_hal_cortex.o
 .debug_abbrev  0x000000000000094d      0x1c9 Drivers/STM32F4xx_HAL_Driver/Src/stm32f4xx_hal_gpio.o
 .debug_abbrev  0x0000000000000b16      0x245 Drivers/STM32F4xx_HAL_Driver/Src/stm32f4xx_hal_rcc.o
 .debug_abbrev  0x0000000000000d5b      0x1bc Drivers/STM32F4xx_HAL_Driver/Src/stm32f4xx_hal_rcc_ex.o

.debug_aranges  0x0000000000000000      0x468
 .debug_aranges
                0x0000000000000000       0x38 Core/Src/main.o
 .debug_aranges
                0x0000000000000038       0x20 Core/Src/stm32f4xx_hal_msp.o
 .debug_aranges
                0x0000000000000058       0x60 Core/Src/stm32f4xx_it.o
 .debug_aranges
                0x00000000000000b8       0x28 Core/Src/system_stm32f4xx.o
 .debug_aranges
                0x00000000000000e0       0x28 Core/Startup/startup_stm32f446retx.o
 .debug_aranges
                0x0000000000000108       0xf0 Drivers/STM32F4xx_HAL_Driver/Src/stm32f4xx_hal.o
 .debug_aranges
                0x00000000000001f8      0x118 Drivers/STM32F4xx_HAL_Driver/Src/stm32f4xx_hal_cortex.o
 .debug_aranges
                0x0000000000000310       0x58 Drivers/STM32F4xx_HAL_Driver/Src/stm32f4xx_hal_gpio.o
 .debug_aranges
                0x0000000000000368       0x88 Drivers/STM32F4xx_HAL_Driver/Src/stm32f4xx_hal_rcc.o
 .debug_aranges
                0x00000000000003f0       0x78 Drivers/STM32F4xx_HAL_Driver/Src/stm32f4xx_hal_rcc_ex.o

.debug_ranges   0x0000000000000000      0x3d0
 .debug_ranges  0x0000000000000000       0x28 Core/Src/main.o
 .debug_ranges  0x0000000000000028       0x10 Core/Src/stm32f4xx_hal_msp.o
 .debug_ranges  0x0000000000000038       0x50 Core/Src/stm32f4xx_it.o
 .debug_ranges  0x0000000000000088       0x18 Core/Src/system_stm32f4xx.o
 .debug_ranges  0x00000000000000a0       0x20 Core/Startup/startup_stm32f446retx.o
 .debug_ranges  0x00000000000000c0       0xe0 Drivers/STM32F4xx_HAL_Driver/Src/stm32f4xx_hal.o
 .debug_ranges  0x00000000000001a0      0x108 Drivers/STM32F4xx_HAL_Driver/Src/stm32f4xx_hal_cortex.o
 .debug_ranges  0x00000000000002a8       0x48 Drivers/STM32F4xx_HAL_Driver/Src/stm32f4xx_hal_gpio.o
 .debug_ranges  0x00000000000002f0       0x78 Drivers/STM32F4xx_HAL_Driver/Src/stm32f4xx_hal_rcc.o
 .debug_ranges  0x0000000000000368       0x68 Drivers/STM32F4xx_HAL_Driver/Src/stm32f4xx_hal_rcc_ex.o

.debug_macro    0x0000000000000000    0x1fb7a
 .debug_macro   0x0000000000000000      0x1bf Core/Src/main.o
 .debug_macro   0x00000000000001bf      0xa5a Core/Src/main.o
 .debug_macro   0x0000000000000c19      0x288 Core/Src/main.o
 .debug_macro   0x0000000000000ea1       0x2e Core/Src/main.o
 .debug_macro   0x0000000000000ecf       0x28 Core/Src/main.o
 .debug_macro   0x0000000000000ef7       0x22 Core/Src/main.o
 .debug_macro   0x0000000000000f19       0x8e Core/Src/main.o
 .debug_macro   0x0000000000000fa7       0x51 Core/Src/main.o
 .debug_macro   0x0000000000000ff8       0xef Core/Src/main.o
 .debug_macro   0x00000000000010e7       0x6a Core/Src/main.o
 .debug_macro   0x0000000000001151      0x1df Core/Src/main.o
 .debug_macro   0x0000000000001330       0x1c Core/Src/main.o
 .debug_macro   0x000000000000134c       0x22 Core/Src/main.o
 .debug_macro   0x000000000000136e       0xdf Core/Src/main.o
 .debug_macro   0x000000000000144d     0x102d Core/Src/main.o
 .debug_macro   0x000000000000247a      0x11f Core/Src/main.o
 .debug_macro   0x0000000000002599    0x1672d Core/Src/main.o
 .debug_macro   0x0000000000018cc6       0x43 Core/Src/main.o
 .debug_macro   0x0000000000018d09     0x3659 Core/Src/main.o
 .debug_macro   0x000000000001c362      0x174 Core/Src/main.o
 .debug_macro   0x000000000001c4d6       0x5a Core/Src/main.o
 .debug_macro   0x000000000001c530      0xc90 Core/Src/main.o
 .debug_macro   0x000000000001d1c0      0x9fe Core/Src/main.o
 .debug_macro   0x000000000001dbbe      0x117 Core/Src/main.o
 .debug_macro   0x000000000001dcd5      0x1a0 Core/Src/main.o
 .debug_macro   0x000000000001de75       0x27 Core/Src/main.o
 .debug_macro   0x000000000001de9c      0x16d Core/Src/main.o
 .debug_macro   0x000000000001e009      0x287 Core/Src/main.o
 .debug_macro   0x000000000001e290       0x5f Core/Src/main.o
 .debug_macro   0x000000000001e2ef      0x236 Core/Src/main.o
 .debug_macro   0x000000000001e525      0x132 Core/Src/main.o
 .debug_macro   0x000000000001e657      0x29c Core/Src/main.o
 .debug_macro   0x000000000001e8f3       0x2e Core/Src/main.o
 .debug_macro   0x000000000001e921      0x11a Core/Src/main.o
 .debug_macro   0x000000000001ea3b       0xe8 Core/Src/main.o
 .debug_macro   0x000000000001eb23       0x89 Core/Src/main.o
 .debug_macro   0x000000000001ebac      0x126 Core/Src/main.o
 .debug_macro   0x000000000001ecd2       0x40 Core/Src/main.o
 .debug_macro   0x000000000001ed12      0x1bf Core/Src/stm32f4xx_hal_msp.o
 .debug_macro   0x000000000001eed1      0x1c9 Core/Src/stm32f4xx_it.o
 .debug_macro   0x000000000001f09a      0x1b6 Core/Src/system_stm32f4xx.o
 .debug_macro   0x000000000001f250      0x210 Drivers/STM32F4xx_HAL_Driver/Src/stm32f4xx_hal.o
 .debug_macro   0x000000000001f460      0x1b0 Drivers/STM32F4xx_HAL_Driver/Src/stm32f4xx_hal_cortex.o
 .debug_macro   0x000000000001f610      0x1e6 Drivers/STM32F4xx_HAL_Driver/Src/stm32f4xx_hal_gpio.o
 .debug_macro   0x000000000001f7f6      0x1d4 Drivers/STM32F4xx_HAL_Driver/Src/stm32f4xx_hal_rcc.o
 .debug_macro   0x000000000001f9ca      0x1b0 Drivers/STM32F4xx_HAL_Driver/Src/stm32f4xx_hal_rcc_ex.o

.debug_line     0x0000000000000000     0x492d
 .debug_line    0x0000000000000000      0x6df Core/Src/main.o
 .debug_line    0x00000000000006df      0x679 Core/Src/stm32f4xx_hal_msp.o
 .debug_line    0x0000000000000d58      0x71c Core/Src/stm32f4xx_it.o
 .debug_line    0x0000000000001474      0x693 Core/Src/system_stm32f4xx.o
 .debug_line    0x0000000000001b07       0x85 Core/Startup/startup_stm32f446retx.o
 .debug_line    0x0000000000001b8c      0x87d Drivers/STM32F4xx_HAL_Driver/Src/stm32f4xx_hal.o
 .debug_line    0x0000000000002409      0x9a1 Drivers/STM32F4xx_HAL_Driver/Src/stm32f4xx_hal_cortex.o
 .debug_line    0x0000000000002daa      0x848 Drivers/STM32F4xx_HAL_Driver/Src/stm32f4xx_hal_gpio.o
 .debug_line    0x00000000000035f2      0x8d5 Drivers/STM32F4xx_HAL_Driver/Src/stm32f4xx_hal_rcc.o
 .debug_line    0x0000000000003ec7      0xa66 Drivers/STM32F4xx_HAL_Driver/Src/stm32f4xx_hal_rcc_ex.o

.debug_str      0x0000000000000000    0xc1288
 .debug_str     0x0000000000000000    0xbfae3 Core/Src/main.o
                                      0xbfd7f (size before relaxing)
 .debug_str     0x00000000000bfae3       0x2c Core/Src/stm32f4xx_hal_msp.o
                                      0xbfb83 (size before relaxing)
 .debug_str     0x00000000000bfb0f       0xbd Core/Src/stm32f4xx_it.o
                                      0xbfaec (size before relaxing)
 .debug_str     0x00000000000bfbcc       0xc4 Core/Src/system_stm32f4xx.o
                                      0xbfb46 (size before relaxing)
 .debug_str     0x00000000000bfc90       0x36 Core/Startup/startup_stm32f446retx.o
                                         0x78 (size before relaxing)
 .debug_str     0x00000000000bfcc6      0xa8f Drivers/STM32F4xx_HAL_Driver/Src/stm32f4xx_hal.o
                                      0xc0654 (size before relaxing)
 .debug_str     0x00000000000c0755      0x3aa Drivers/STM32F4xx_HAL_Driver/Src/stm32f4xx_hal_cortex.o
                                      0xc041e (size before relaxing)
 .debug_str     0x00000000000c0aff      0x20c Drivers/STM32F4xx_HAL_Driver/Src/stm32f4xx_hal_gpio.o
                                      0xbfd85 (size before relaxing)
 .debug_str     0x00000000000c0d0b      0x259 Drivers/STM32F4xx_HAL_Driver/Src/stm32f4xx_hal_rcc.o
                                      0xbff38 (size before relaxing)
 .debug_str     0x00000000000c0f64      0x324 Drivers/STM32F4xx_HAL_Driver/Src/stm32f4xx_hal_rcc_ex.o
                                      0xbff8a (size before relaxing)

.comment        0x0000000000000000       0x7b
 .comment       0x0000000000000000       0x7b Core/Src/main.o
                                         0x7c (size before relaxing)
 .comment       0x000000000000007b       0x7c Core/Src/stm32f4xx_hal_msp.o
 .comment       0x000000000000007b       0x7c Core/Src/stm32f4xx_it.o
 .comment       0x000000000000007b       0x7c Core/Src/system_stm32f4xx.o
 .comment       0x000000000000007b       0x7c Drivers/STM32F4xx_HAL_Driver/Src/stm32f4xx_hal.o
 .comment       0x000000000000007b       0x7c Drivers/STM32F4xx_HAL_Driver/Src/stm32f4xx_hal_cortex.o
 .comment       0x000000000000007b       0x7c Drivers/STM32F4xx_HAL_Driver/Src/stm32f4xx_hal_gpio.o
 .comment       0x000000000000007b       0x7c Drivers/STM32F4xx_HAL_Driver/Src/stm32f4xx_hal_rcc.o
 .comment       0x000000000000007b       0x7c Drivers/STM32F4xx_HAL_Driver/Src/stm32f4xx_hal_rcc_ex.o

.debug_frame    0x0000000000000000     0x1000
 .debug_frame   0x0000000000000000       0x94 Core/Src/main.o
 .debug_frame   0x0000000000000094       0x34 Core/Src/stm32f4xx_hal_msp.o
 .debug_frame   0x00000000000000c8      0x10c Core/Src/stm32f4xx_it.o
 .debug_frame   0x00000000000001d4       0x58 Core/Src/system_stm32f4xx.o
 .debug_frame   0x000000000000022c      0x374 Drivers/STM32F4xx_HAL_Driver/Src/stm32f4xx_hal.o
 .debug_frame   0x00000000000005a0      0x498 Drivers/STM32F4xx_HAL_Driver/Src/stm32f4xx_hal_cortex.o
 .debug_frame   0x0000000000000a38      0x14c Drivers/STM32F4xx_HAL_Driver/Src/stm32f4xx_hal_gpio.o
 .debug_frame   0x0000000000000b84      0x1f0 Drivers/STM32F4xx_HAL_Driver/Src/stm32f4xx_hal_rcc.o
 .debug_frame   0x0000000000000d74      0x1e0 Drivers/STM32F4xx_HAL_Driver/Src/stm32f4xx_hal_rcc_ex.o
 .debug_frame   0x0000000000000f54       0x2c c:/st/stm32cubeide_1.2.0/stm32cubeide/plugins/com.st.stm32cube.ide.mcu.externaltools.gnu-tools-for-stm32.7-2018-q2-update.win32_1.4.0.202007081208/tools/bin/../lib/gcc/arm-none-eabi/7.3.1/../../../../arm-none-eabi/lib/thumb/v7e-m/fpv4-sp/hard\libc_nano.a(lib_a-init.o)
 .debug_frame   0x0000000000000f80       0x20 c:/st/stm32cubeide_1.2.0/stm32cubeide/plugins/com.st.stm32cube.ide.mcu.externaltools.gnu-tools-for-stm32.7-2018-q2-update.win32_1.4.0.202007081208/tools/bin/../lib/gcc/arm-none-eabi/7.3.1/../../../../arm-none-eabi/lib/thumb/v7e-m/fpv4-sp/hard\libc_nano.a(lib_a-memset.o)
 .debug_frame   0x0000000000000fa0       0x2c c:/st/stm32cubeide_1.2.0/stm32cubeide/plugins/com.st.stm32cube.ide.mcu.externaltools.gnu-tools-for-stm32.7-2018-q2-update.win32_1.4.0.202007081208/tools/bin/../lib/gcc/arm-none-eabi/7.3.1/thumb/v7e-m/fpv4-sp/hard\libgcc.a(_aeabi_uldivmod.o)
 .debug_frame   0x0000000000000fcc       0x34 c:/st/stm32cubeide_1.2.0/stm32cubeide/plugins/com.st.stm32cube.ide.mcu.externaltools.gnu-tools-for-stm32.7-2018-q2-update.win32_1.4.0.202007081208/tools/bin/../lib/gcc/arm-none-eabi/7.3.1/thumb/v7e-m/fpv4-sp/hard\libgcc.a(_udivmoddi4.o)
