<html>
<body>
<pre>
<h1>µVision Build Log</h1>
<h2>Tool Versions:</h2>
IDE-Version: µVision V5.33.0.0
Copyright (C) 2020 ARM Ltd and ARM Germany GmbH. All rights reserved.
License Information: EDISON NGUNJIRI, SCHOOL, LIC=----
 
Tool Versions:
Toolchain:       MDK-Lite  Version: 5.33.0.0
Toolchain Path:  C:\Keil_v5\ARM\ARMCLANG\Bin
C Compiler:      ArmClang.exe V6.15
Assembler:       Armasm.exe V6.15
Linker/Locator:  ArmLink.exe V6.15
Library Manager: ArmAr.exe V6.15
Hex Converter:   FromElf.exe V6.15
CPU DLL:         SARMCM3.DLL V5.33.0.0
Dialog DLL:      DCM.DLL V1.17.3.0
Target DLL:      STLink\ST-LINKIII-KEIL_SWO.dll V3.0.8.0
Dialog DLL:      TCM.DLL V1.48.0.0
 
<h2>Project:</h2>
D:\PROGRAMMING\ukeil_vison\InputCapture_measure_frequency\MeasureFreuency.uvprojx
Project File Date:  06/17/2021

<h2>Output:</h2>
*** Using Compiler 'V6.15', folder: 'C:\Keil_v5\ARM\ARMCLANG\Bin'
Build target 'STM32F446RE'
measureFREQ.c(35): warning: implicit conversion changes signedness: 'volatile uint32_t' (aka 'volatile unsigned int') to 'int' [-Wsign-conversion]
                        current_value =TIM3->CCR1;
                                      ~~~~~~~^~~~
measureFREQ.c(38): warning: implicit conversion turns floating-point number into integer: 'float' to 'int' [-Wfloat-conversion]
                        freq= 1000.0f/period;
                            ~ ~~~~~~~^~~~~~~
measureFREQ.c(38): warning: implicit conversion from 'int' to 'float' may lose precision [-Wimplicit-int-float-conversion]
                        freq= 1000.0f/period;
                                     ~^~~~~~
measureFREQ.c(36): warning: variable 'last_value' may be uninitialized when used here [-Wconditional-uninitialized]
                        period =current_value-last_value;
                                              ^~~~~~~~~~
measureFREQ.c(6): note: initialize the variable 'last_value' to silence this warning
        int last_value;
                      ^
                       = 0
measureFREQ.c(3): warning: no previous extern declaration for non-static variable 'period' [-Wmissing-variable-declarations]
int period,freq;
    ^
measureFREQ.c(3): note: declare 'static' if the variable is not intended to be used outside of this translation unit
int period,freq;
^
measureFREQ.c(3): warning: no previous extern declaration for non-static variable 'freq' [-Wmissing-variable-declarations]
int period,freq;
           ^
measureFREQ.c(3): note: declare 'static' if the variable is not intended to be used outside of this translation unit
int period,freq;
^
6 warnings generated.
compiling measureFREQ.c...
linking...
Program Size: Code=600 RO-data=468 RW-data=0 ZI-data=1640  
".\Objects\MeasureFreuency.axf" - 0 Error(s), 6 Warning(s).

<h2>Software Packages used:</h2>

Package Vendor: ARM
                http://www.keil.com/pack/ARM.CMSIS.5.7.0.pack
                ARM.CMSIS.5.7.0
                CMSIS (Cortex Microcontroller Software Interface Standard)
   * Component: CORE Version: 5.4.0

Package Vendor: Keil
                http://www.keil.com/pack/Keil.STM32F4xx_DFP.2.15.0.pack
                Keil.STM32F4xx_DFP.2.15.0
                STMicroelectronics STM32F4 Series Device Support, Drivers and Examples
   * Component: Startup Version: 2.6.3

<h2>Collection of Component include folders:</h2>
  .\RTE\_STM32F446RE
  C:\Users\USER\AppData\Local\Arm\Packs\ARM\CMSIS\5.7.0\CMSIS\Core\Include
  C:\Users\USER\AppData\Local\Arm\Packs\Keil\STM32F4xx_DFP\2.15.0\Drivers\CMSIS\Device\ST\STM32F4xx\Include

<h2>Collection of Component Files used:</h2>

   * Component: ARM::CMSIS:CORE:5.4.0

   * Component: Keil::Device:Startup:2.6.3
      Source file:   Drivers\CMSIS\Device\ST\STM32F4xx\Source\Templates\arm\startup_stm32f446xx.s
      Source file:   MDK\Device\Source\ARM\STM32F446xx_OPT.s
      Source file:   MDK\Device\Source\ARM\STM32F4xx_OTP.s
      Include file:  Drivers\CMSIS\Device\ST\STM32F4xx\Include\stm32f4xx.h
      Source file:   Drivers\CMSIS\Device\ST\STM32F4xx\Source\Templates\system_stm32f4xx.c
Build Time Elapsed:  00:00:02
</pre>
</body>
</html>
